---
source: tests/context_test.rs
expression: output_pos40
---
                                                                                                                                                                
                                                                                                                                                                
                                                                                                                                                                
                                                                                                                                                                
                                                                                                                                                                
                                                                                                                                                                
                                                                                                                                                                
                                                                                                                                                                
                                                                                                                                                                
                                                                                                                                                                
                                                                                                                                                                
                                                                                                                                                                
                                                                                                                                                                
                                                                                                                                                                
                                                                                                                                                                
                                                                                                                                                                
                                The quick brown fox jumps over the lazy dog and then runs around the park while the sun shines                                  
                                brightly in the clear blue sky above the green meadow where birds sing their songs and flowers                                  
  bloom in vibrant colors                                                                                                                                       
────────────────────────────────────────────────────────────────────────────────┬───────────────────────────────────────────────────────────────────────────────
                                                                               creating                                                                         
────────────────────────────────────────────────────────────────────────────────┴───────────────────────────────────────────────────────────────────────────────
                                   a beautiful scene that captivates all who witness it and brings                                                              
  joy to their hearts as they walk along the winding path through the enchanted forest filled with                                                              
  ancient trees and mysterious creatures that have lived there for centuries watching over the land                                                             
  with wisdom and grace that transcends time itself and connects all living things in a web of life                                                             
  that stretches across the entire universe binding us together in ways we cannot fully comprehend                                                              
                                                              but can feel deep within our souls                                                                
                                                                                                                                                                
                                                                                                                                                                
                                                                                                                                                                
                                                                                                                                                                
                                                                                                                                                                
                                                                                                                                                                
                                                                                                                                                                
                                                                                                                                                                
                                                                                                                                                                
                                                                                                                                                                
                                                                                                                                                                
                                                                                                                                                                
                                                                                                                                                                
                                                                                                                                                                
                                                                                                                                                                
                                                                                                                                                                
                                                                                                                                                                
                                                                                                                                                                
                                                                                                                                                                
                                                                                                                                                                
> Document  32%                                                                                                                                                 
████████████████████████████████████████████████████                        300 WPM  >
