---
source: tests/parser_test.rs
expression: result.tokens
---
[
    Token {
        word: "Hello",
        style: Normal,
        block: Heading(
            1,
        ),
        parent_context: Some(
            Heading(
                1,
            ),
        ),
        timing_hint: TimingHint {
            word_length_modifier: 0,
            punctuation_modifier: 0,
            structure_modifier: 150,
            is_cell_start: false,
            table_column: None,
        },
    },
    Token {
        word: "This",
        style: Normal,
        block: Paragraph,
        parent_context: Some(
            Heading(
                1,
            ),
        ),
        timing_hint: TimingHint {
            word_length_modifier: 0,
            punctuation_modifier: 0,
            structure_modifier: 150,
            is_cell_start: false,
            table_column: None,
        },
    },
    Token {
        word: "is",
        style: Normal,
        block: Paragraph,
        parent_context: Some(
            Heading(
                1,
            ),
        ),
        timing_hint: TimingHint {
            word_length_modifier: 0,
            punctuation_modifier: 0,
            structure_modifier: 0,
            is_cell_start: false,
            table_column: None,
        },
    },
    Token {
        word: "bold",
        style: Bold,
        block: Paragraph,
        parent_context: Some(
            Heading(
                1,
            ),
        ),
        timing_hint: TimingHint {
            word_length_modifier: 0,
            punctuation_modifier: 0,
            structure_modifier: 0,
            is_cell_start: false,
            table_column: None,
        },
    },
    Token {
        word: "and",
        style: Normal,
        block: Paragraph,
        parent_context: Some(
            Heading(
                1,
            ),
        ),
        timing_hint: TimingHint {
            word_length_modifier: 0,
            punctuation_modifier: 0,
            structure_modifier: 0,
            is_cell_start: false,
            table_column: None,
        },
    },
    Token {
        word: "italic",
        style: Italic,
        block: Paragraph,
        parent_context: Some(
            Heading(
                1,
            ),
        ),
        timing_hint: TimingHint {
            word_length_modifier: 0,
            punctuation_modifier: 0,
            structure_modifier: 0,
            is_cell_start: false,
            table_column: None,
        },
    },
    Token {
        word: "text.",
        style: Normal,
        block: Paragraph,
        parent_context: Some(
            Heading(
                1,
            ),
        ),
        timing_hint: TimingHint {
            word_length_modifier: 0,
            punctuation_modifier: 200,
            structure_modifier: 300,
            is_cell_start: false,
            table_column: None,
        },
    },
    Token {
        word: "World",
        style: Normal,
        block: Heading(
            2,
        ),
        parent_context: Some(
            Heading(
                2,
            ),
        ),
        timing_hint: TimingHint {
            word_length_modifier: 0,
            punctuation_modifier: 0,
            structure_modifier: 150,
            is_cell_start: false,
            table_column: None,
        },
    },
    Token {
        word: "Another",
        style: Normal,
        block: Paragraph,
        parent_context: Some(
            Heading(
                2,
            ),
        ),
        timing_hint: TimingHint {
            word_length_modifier: 20,
            punctuation_modifier: 0,
            structure_modifier: 150,
            is_cell_start: false,
            table_column: None,
        },
    },
    Token {
        word: "paragraph.",
        style: Normal,
        block: Paragraph,
        parent_context: Some(
            Heading(
                2,
            ),
        ),
        timing_hint: TimingHint {
            word_length_modifier: 80,
            punctuation_modifier: 200,
            structure_modifier: 300,
            is_cell_start: false,
            table_column: None,
        },
    },
]
