---
source: tests/parser_test.rs
expression: result.tokens
---
[
    Token {
        word: "This",
        style: Normal,
        block: Paragraph,
        parent_context: Some(
            Quote,
        ),
        timing_hint: TimingHint {
            word_length_modifier: 0,
            punctuation_modifier: 0,
            structure_modifier: 150,
            is_cell_start: false,
        },
    },
    Token {
        word: "is",
        style: Normal,
        block: Paragraph,
        parent_context: Some(
            Quote,
        ),
        timing_hint: TimingHint {
            word_length_modifier: 0,
            punctuation_modifier: 0,
            structure_modifier: 0,
            is_cell_start: false,
        },
    },
    Token {
        word: "a",
        style: Normal,
        block: Paragraph,
        parent_context: Some(
            Quote,
        ),
        timing_hint: TimingHint {
            word_length_modifier: 0,
            punctuation_modifier: 0,
            structure_modifier: 0,
            is_cell_start: false,
        },
    },
    Token {
        word: "quote",
        style: Normal,
        block: Paragraph,
        parent_context: Some(
            Quote,
        ),
        timing_hint: TimingHint {
            word_length_modifier: 0,
            punctuation_modifier: 0,
            structure_modifier: 0,
            is_cell_start: false,
        },
    },
    Token {
        word: "with",
        style: Normal,
        block: Paragraph,
        parent_context: Some(
            Quote,
        ),
        timing_hint: TimingHint {
            word_length_modifier: 0,
            punctuation_modifier: 0,
            structure_modifier: 0,
            is_cell_start: false,
        },
    },
    Token {
        word: "multiple",
        style: Normal,
        block: Paragraph,
        parent_context: Some(
            Quote,
        ),
        timing_hint: TimingHint {
            word_length_modifier: 40,
            punctuation_modifier: 0,
            structure_modifier: 0,
            is_cell_start: false,
        },
    },
    Token {
        word: "lines",
        style: Normal,
        block: Paragraph,
        parent_context: Some(
            Quote,
        ),
        timing_hint: TimingHint {
            word_length_modifier: 0,
            punctuation_modifier: 0,
            structure_modifier: 0,
            is_cell_start: false,
        },
    },
]
